Trial 0: size = 0
Trial 1: size = 0
Trial 2: size = 0
Trial 3: size = 0
Trial 4: size = 0
Trial 5: size = 0
Trial 6: size = 0
Trial 7: size = 0
Trial 8: size = 0
Trial 9: size = 0
Trial 10: size = 0
Trial 11: size = 0
Trial 12: size = 0
Trial 13: size = 0
Trial 14: size = 0
Trial 15: size = 0
Trial 16: size = 0
Trial 17: size = 0
Trial 18: size = 0
Trial 19: size = 0
Trial 20: size = 0
Trial 21: size = 0
Trial 22: size = 0
Trial 23: size = 0
Trial 24: size = 0
Trial 25: size = 0
Trial 26: size = 0
Output: "/home/astreck/tumopp/build/tumopp_20221120_155800"
140,919s
real	2m20,919s
user	2m20,166s
sys	0m0,713s
Trial 0: size = 0
Trial 1: size = 0
Trial 2: size = 0
Trial 3: size = 0
Output: "/home/astreck/tumopp/build/tumopp_20221120_160021"
157,659
real	2m37,659s
user	2m36,653s
sys	0m0,904s
Trial 0: size = 0
Trial 1: size = 0
Trial 2: size = 0
Trial 3: size = 0
Trial 4: size = 0
Trial 5: size = 0
Trial 6: size = 0
Trial 7: size = 0
Trial 8: size = 0
Trial 9: size = 0
Trial 10: size = 0
Trial 11: size = 0
Trial 12: size = 0
Trial 13: size = 0
Trial 14: size = 0
Trial 15: size = 0
Trial 16: size = 0
Trial 17: size = 0
Trial 18: size = 0
Trial 19: size = 0
Trial 20: size = 0
Output: "/home/astreck/tumopp/build/tumopp_20221120_160259"
124,614
real	2m4,614s
user	2m3,824s
sys	0m0,716s
Trial 0: size = 0
Trial 1: size = 0
Trial 2: size = 0
Trial 3: size = 0
Trial 4: size = 0
Trial 5: size = 0
Trial 6: size = 0
Trial 7: size = 0
Trial 8: size = 0
Trial 9: size = 0
Trial 10: size = 0
Trial 11: size = 0
Trial 12: size = 0
Trial 13: size = 0
Output: "/home/astreck/tumopp/build/tumopp_20221120_160504"
148,584
real	2m28,584s
user	2m27,831s
sys	0m0,740s
Trial 0: size = 0
Trial 1: size = 0
Trial 2: size = 0
Output: "/home/astreck/tumopp/build/tumopp_20221120_160732"

real	2m28,729s
user	2m27,931s
sys	0m0,776s
Trial 0: size = 0
Trial 1: size = 0
Trial 2: size = 0
Output: "/home/astreck/tumopp/build/tumopp_20221120_161001"

real	1m53,842s
user	1m53,137s
sys	0m0,664s
Trial 0: size = 0
Trial 1: size = 0
Trial 2: size = 0
Trial 3: size = 0
Trial 4: size = 0
Trial 5: size = 0
Trial 6: size = 0
Trial 7: size = 0
Trial 8: size = 0
Trial 9: size = 0
Trial 10: size = 0
Trial 11: size = 0
Trial 12: size = 0
Trial 13: size = 0
Trial 14: size = 0
Trial 15: size = 0
Trial 16: size = 0
Trial 17: size = 0
Trial 18: size = 0
Trial 19: size = 0
Trial 20: size = 0
Output: "/home/astreck/tumopp/build/tumopp_20221120_161155"

real	2m21,409s
user	2m20,684s
sys	0m0,702s
Trial 0: size = 0
Trial 1: size = 0
Trial 2: size = 0
Trial 3: size = 0
Trial 4: size = 0
Trial 5: size = 0
Trial 6: size = 0
Trial 7: size = 0
Trial 8: size = 0
Trial 9: size = 0
Trial 10: size = 0
Trial 11: size = 0
Trial 12: size = 0
Trial 13: size = 0
Trial 14: size = 0
Trial 15: size = 0
Trial 16: size = 0
Trial 17: size = 0
Trial 18: size = 0
Trial 19: size = 0
Trial 20: size = 0
Trial 21: size = 0
Trial 22: size = 0
Trial 23: size = 0
Output: "/home/astreck/tumopp/build/tumopp_20221120_161416"

real	2m0,644s
user	1m59,982s
sys	0m0,644s
Trial 0: size = 0
Trial 1: size = 0
Trial 2: size = 0
Trial 3: size = 0
Trial 4: size = 0
Trial 5: size = 0
Trial 6: size = 0
Trial 7: size = 0
Trial 8: size = 0
Trial 9: size = 0
Trial 10: size = 0
Output: "/home/astreck/tumopp/build/tumopp_20221120_161617"

real	2m3,713s
user	2m2,998s
sys	0m0,680s
Trial 0: size = 0
Trial 1: size = 0
Trial 2: size = 0
Trial 3: size = 0
Trial 4: size = 0
Trial 5: size = 0
Trial 6: size = 0
Trial 7: size = 0
Trial 8: size = 0
Trial 9: size = 0
Trial 10: size = 0
Trial 11: size = 0
Output: "/home/astreck/tumopp/build/tumopp_20221120_161821"

real	2m32,359s
user	2m31,684s
sys	0m0,644s
